[natflixfitness.com/index.html]
[backblue.gif]
[fade.gif]
[index.html]
[natflixfitness.com/wp-content/themes/hello-elementor/style.min653d.css]
[natflixfitness.com/wp-content/themes/hello-elementor/theme.min653d.css]
[natflixfitness.com/wp-content/plugins/elementor/assets/css/frontend.min1c88.css]
[natflixfitness.com/wp-content/uploads/elementor/css/post-54ab2.css]
[natflixfitness.com/wp-content/plugins/elementor-pro/assets/css/frontend.min5d63.css]
[natflixfitness.com/feed/index.html]
[natflixfitness.com/wp-content/plugins/elementor/assets/css/widget-image.min1c88.css]
[natflixfitness.com/wp-content/plugins/elementor/assets/css/widget-spacer.min1c88.css]
[natflixfitness.com/wp-content/plugins/elementor/assets/lib/animations/styles/e-animation-buzz.min1c88.css]
[natflixfitness.com/wp-content/plugins/elementor/assets/css/widget-icon-list.min1c88.css]
[natflixfitness.com/comments/feed/index.html]
[natflixfitness.com/wp-content/plugins/elementor/assets/css/widget-heading.min1c88.css]
[natflixfitness.com/wp-content/plugins/elementor/assets/css/widget-text-editor.min1c88.css]
[natflixfitness.com/wp-content/plugins/elementor/assets/lib/e-gallery/css/e-gallery.min7359.css]
[natflixfitness.com/wp-content/plugins/elementor/assets/css/widget-toggle.min1c88.css]
[natflixfitness.com/wp-content/uploads/elementor/css/post-51d0cf.css]
[natflixfitness.com/wp-content/plugins/essential-addons-for-elementor-lite/assets/front-end/css/view/general.mind42d.css]
[natflixfitness.com/wp-content/plugins/happy-elementor-addons/assets/fonts/style.min03ec.css]
[natflixfitness.com/wp-content/plugins/elementor/assets/lib/font-awesome/css/font-awesome.min1849.css]
[natflixfitness.com/wp-includes/js/jquery/jquery.minf43b.js]
[natflixfitness.com/wp-includes/js/jquery/jquery-migrate.min5589.js]
[natflixfitness.com/wp-content/plugins/pixelyoursite/dist/scripts/jquery.bind-first-0.2.3.min9704.js]
[natflixfitness.com/wp-content/plugins/pixelyoursite/dist/scripts/js.cookie-2.1.3.min4c71.js]
[natflixfitness.com/wp-content/plugins/pixelyoursite/dist/scripts/publicff1f.js]
[natflixfitness.com/wp-content/plugins/happy-elementor-addons/assets/vendor/dom-purify/purify.min005e.js]
[natflixfitness.com/wp-json/index.html]
[natflixfitness.com/wp-json/wp/v2/pages/51.json]
[natflixfitness.com/xmlrpc0db0.php]
[natflixfitness.com/wp-json/oembed/1.0/embedf840.json]
[natflixfitness.com/wp-json/oembed/1.0/embed300b]
[natflixfitness.com/wp-content/uploads/2022/11/cropped-Frame-39-32x32.png]
[natflixfitness.com/wp-content/uploads/2022/11/cropped-Frame-39-192x192.png]
[natflixfitness.com/wp-content/uploads/2022/11/cropped-Frame-39-180x180.png]
[natflixfitness.com/wp-content/uploads/2022/11/a-solucao-da-sua-saude-fisica-e-mental-entre-para-o-tisme.png]
[natflixfitness.com/wp-content/uploads/2022/11/brasil-top-1-300x23.png]
[natflixfitness.com/planos/index.html]
[natflixfitness.com/wp-content/uploads/2022/11/a-natflix-e-para-voce-que-quer....png]
[natflixfitness.com/wp-content/uploads/2022/11/o-que-tem-na-natflix_.png]
[natflixfitness.com/wp-content/uploads/2024/06/Treinos-na-academia-iniciante-1024x576.png]
[natflixfitness.com/wp-content/uploads/2024/06/Treinos-em-casa-1024x576.png]
[natflixfitness.com/modalidades/index.html]
[natflixfitness.com/wp-content/uploads/2024/06/Treinos-rapidex-1024x576.png]
[natflixfitness.com/wp-content/uploads/2024/06/cross-natflix-1024x576.png]
[natflixfitness.com/treinos-na-academia.html]
[natflixfitness.com/wp-content/uploads/2024/06/cardapios-alimentares-hiper-1024x576.png]
[natflixfitness.com/duvidas.html]
[natflixfitness.com/wp-content/uploads/2024/06/nutricao-300x169.png]
[natflixfitness.com/treinos-em-casa/index.html]
[natflixfitness.com/treinos-na-academia/index.html]
[natflixfitness.com/entenda/index.html]
[natflixfitness.com/metodo/index.html]
[natflixfitness.com/sobre/index.html]
[natflixfitness.com/duvidas/index.html]
[natflixfitness.com/vejatreinos/index.html]
[natflixfitness.com/https_/natflixfitness.com/wp-content/uploads/2024/06/psicologa.2f.delayed]
[natflixfitness.com/https_/natflixfitness.com/wp-content/uploads/2024/06/lpf-e-vaccum.31.delayed]
[natflixfitness.com/https_/natflixfitness.com/wp-content/uploads/2024/06/fisioterapia.33.delayed]
[natflixfitness.com/https_/natflixfitness.com/wp-content/uploads/2024/06/pilates.35.delayed]
[natflixfitness.com/https_/natflixfitness.com/wp-content/uploads/2024/06/cross-natflix.png]
[natflixfitness.com/https_/natflixfitness.com/wp-content/uploads/2024/06/jiu-jitsu-def-pessoal.39.delayed]
[natflixfitness.com/https_/natflixfitness.com/wp-content/uploads/2024/06/power-ballet.3b.delayed]
[natflixfitness.com/https_/natflixfitness.com/wp-content/uploads/2024/06/fit-dance.3d.delayed]
[natflixfitness.com/https_/natflixfitness.com/wp-content/uploads/2024/06/dan-sa.3f.delayed]
[natflixfitness.com/https_/natflixfitness.com/wp-content/uploads/2024/06/spinning.png]
[natflixfitness.com/https_/natflixfitness.com/wp-content/uploads/2024/06/meditacao.43.delayed]
[natflixfitness.com/https_/natflixfitness.com/wp-content/uploads/2024/06/projeto-smv-aquecimento.png]
[natflixfitness.com/https_/natflixfitness.com/wp-content/uploads/2024/06/cardapios-alimentares-emagr.png]
[natflixfitness.com/https_/natflixfitness.com/wp-content/uploads/2024/06/receitinhas.png]
[natflixfitness.com/https_/natflixfitness.com/wp-content/uploads/2024/06/nutricao.png]
[natflixfitness.com/https_/natflixfitness.com/wp-content/uploads/2024/06/jiu-jitsu-iniciante.png]
[natflixfitness.com/https_/natflixfitness.com/wp-content/uploads/2024/06/saude-do-joelho.png]
[natflixfitness.com/https_/natflixfitness.com/wp-content/uploads/2024/06/execucao-dos-exercicios-complexos.png]
[natflixfitness.com/https_/natflixfitness.com/wp-content/uploads/2024/06/execucao-dos-exercicios-sup.png]
[natflixfitness.com/https_/natflixfitness.com/wp-content/uploads/2024/06/alongamento-e-mobilidade.png]
[natflixfitness.com/https_/natflixfitness.com/wp-content/uploads/2024/06/yoga-para-iniciantes.png]
[natflixfitness.com/https_/natflixfitness.com/wp-content/uploads/2024/06/yoga-para-intermediarios_avancados.png]
[natflixfitness.com/https_/natflixfitness.com/wp-content/uploads/2024/06/summerflix.png]
[natflixfitness.com/https_/natflixfitness.com/wp-content/uploads/2024/06/projeto-cinturinha-fina.png]
[natflixfitness.com/https_/natflixfitness.com/wp-content/uploads/2024/06/monte-seu-material-em-casa.png]
[natflixfitness.com/https_/natflixfitness.com/wp-content/uploads/2024/06/fichas-hiper-intermed.png]
[natflixfitness.com/https_/natflixfitness.com/wp-content/uploads/2024/06/embaixadoras-natflix.png]
[natflixfitness.com/https_/natflixfitness.com/wp-content/uploads/2024/06/e-book_-Desculpe-o-transtorno.png]
[natflixfitness.com/https_/natflixfitness.com/wp-content/uploads/2024/06/agendas-de-treinos.png]
[natflixfitness.com/https_/natflixfitness.com/wp-content/uploads/2022/11/Embaixadora.png]
[natflixfitness.com/https_/natflixfitness.com/wp-content/uploads/2022/11/ebook.png]
[natflixfitness.com/https_/natflixfitness.com/wp-content/uploads/2022/11/planilhas.png]
[natflixfitness.com/https_/natflixfitness.com/wp-content/uploads/2022/11/Group-59.png]
[natflixfitness.com/wp-content/uploads/2022/11/e-muito-mais.png]
[natflixfitness.com/wp-content/uploads/2024/06/nat-vilaschi-768x1152.jpg]
[natflixfitness.com/wp-content/uploads/2022/11/Group-52.png]
[natflixfitness.com/wp-content/uploads/2022/11/Group-42.png]
[natflixfitness.com/wp-content/uploads/2022/11/Group-53.png]
[natflixfitness.com/wp-content/uploads/2022/11/Group-54.png]
[natflixfitness.com/wp-content/uploads/2024/10/milena-nat.png]
[natflixfitness.com/wp-content/uploads/2022/11/Group-60.png]
[natflixfitness.com/wp-content/uploads/2022/11/Group-57.png]
[natflixfitness.com/wp-content/uploads/2022/11/Group-61.png]
[natflixfitness.com/wp-content/uploads/2022/11/Group-81.png]
[natflixfitness.com/wp-content/uploads/2022/11/Group-82.png]
[natflixfitness.com/wp-content/uploads/2022/11/Group-83.png]
[natflixfitness.com/wp-content/uploads/2022/11/Group-84.png]
[natflixfitness.com/wp-content/uploads/2022/11/Group-57-1.png]
[natflixfitness.com/wp-content/uploads/2022/11/WhatsApp-Image-2022-11-22-at-09.09.50.jpg]
[natflixfitness.com/wp-content/uploads/2022/11/WhatsApp-Image-2022-11-22-at-09.09.50-18.jpg]
[natflixfitness.com/wp-content/uploads/2022/11/WhatsApp-Image-2022-11-22-at-09.09.50-16.jpg]
[natflixfitness.com/wp-content/uploads/2022/11/WhatsApp-Image-2022-11-22-at-09.09.50-17.jpg]
[natflixfitness.com/wp-content/uploads/2022/11/WhatsApp-Image-2022-11-22-at-09.09.50-15.jpg]
[natflixfitness.com/wp-content/uploads/2022/11/WhatsApp-Image-2022-11-22-at-09.09.50-10.jpg]
[natflixfitness.com/wp-content/uploads/2022/11/WhatsApp-Image-2022-11-22-at-09.09.50-11.jpg]
[natflixfitness.com/wp-content/uploads/2022/11/WhatsApp-Image-2022-11-22-at-09.09.50-12.jpg]
[natflixfitness.com/wp-content/uploads/2022/11/WhatsApp-Image-2022-11-22-at-09.09.50-13.jpg]
[natflixfitness.com/wp-content/uploads/2022/11/WhatsApp-Image-2022-11-22-at-09.09.50-14.jpg]
[natflixfitness.com/wp-content/uploads/2022/11/WhatsApp-Image-2022-11-22-at-09.09.50-9.jpg]
[natflixfitness.com/wp-content/uploads/2022/11/WhatsApp-Image-2022-11-22-at-09.09.50-8.jpg]
[natflixfitness.com/wp-content/uploads/2022/11/WhatsApp-Image-2022-11-22-at-09.09.50-7.jpg]
[natflixfitness.com/wp-content/uploads/2022/11/WhatsApp-Image-2022-11-22-at-09.09.50-6.jpg]
[natflixfitness.com/wp-content/uploads/2022/11/WhatsApp-Image-2022-11-22-at-09.09.50-5.jpg]
[natflixfitness.com/wp-content/uploads/2022/11/WhatsApp-Image-2022-11-22-at-09.09.50-1.jpg]
[natflixfitness.com/wp-content/uploads/2022/11/WhatsApp-Image-2022-11-22-at-09.09.50-2.jpg]
[natflixfitness.com/wp-content/uploads/2022/11/WhatsApp-Image-2022-11-22-at-09.09.50-3.jpg]
[natflixfitness.com/wp-content/uploads/2022/11/WhatsApp-Image-2022-11-22-at-09.09.50-4.jpg]
[natflixfitness.com/wp-content/uploads/2023/10/anual.png]
[natflixfitness.com/wp-content/uploads/2023/10/mensal.png]
[natflixfitness.com/wp-content/uploads/2023/10/trimestral.png]
[natflixfitness.com/wp-content/uploads/2023/10/semestral.png]
[natflixfitness.com/wp-content/plugins/essential-addons-for-elementor-lite/assets/front-end/css/view/reading-progress.mind42d.css]
[natflixfitness.com/wp-content/themes/hello-elementor/assets/js/hello-frontend.min8a54.js]
[natflixfitness.com/wp-content/plugins/elementor-pro/assets/lib/smartmenus/jquery.smartmenus.minf269.js]
[natflixfitness.com/wp-includes/js/imagesloaded.minbb93.js]
[natflixfitness.com/wp-content/plugins/elementor/assets/lib/e-gallery/js/e-gallery.min7359.js]
[natflixfitness.com/wp-content/plugins/essential-addons-for-elementor-lite/assets/front-end/js/view/general.mind42d.js]
[natflixfitness.com/wp-content/plugins/happy-elementor-addons/assets/js/happy-addons.min03ec.js]
[natflixfitness.com/wp-content/plugins/essential-addons-for-elementor-lite/assets/front-end/js/view/reading-progress.mind42d.js]
[natflixfitness.com/wp-content/plugins/elementor-pro/assets/js/webpack-pro.runtime.min5d63.js]
[natflixfitness.com/wp-content/plugins/elementor/assets/js/webpack.runtime.min1c88.js]
[natflixfitness.com/wp-content/plugins/elementor/assets/js/frontend-modules.min1c88.js]
[natflixfitness.com/wp-includes/js/dist/hooks.min4fdd.js]
[natflixfitness.com/wp-includes/js/dist/i18n.minc33c.js]
[natflixfitness.com/wp-content/plugins/elementor-pro/assets/js/frontend.min5d63.js]
[natflixfitness.com/wp-includes/js/jquery/ui/core.minb37e.js]
[natflixfitness.com/wp-content/plugins/elementor/assets/js/frontend.min1c88.js]
[natflixfitness.com/index.html]
[natflixfitness.com/wp-content/themes/hello-elementor/style.min653d.css]
[natflixfitness.com/wp-content/themes/hello-elementor/theme.min653d.css]
[natflixfitness.com/wp-content/plugins/elementor-pro/assets/js/preloaded-elements-handlers.min5d63.js]
[natflixfitness.com/wp-content/plugins/elementor/assets/css/frontend.min1c88.css]
[natflixfitness.com/wp-content/uploads/elementor/css/post-54ab2.css]
[natflixfitness.com/wp-content/plugins/elementor-pro/assets/css/frontend.min5d63.css]
[natflixfitness.com/wp-content/plugins/elementor/assets/css/widget-image.min1c88.css]
[natflixfitness.com/wp-content/plugins/elementor/assets/css/widget-spacer.min1c88.css]
[natflixfitness.com/wp-content/plugins/elementor/assets/lib/animations/styles/e-animation-buzz.min1c88.css]
[natflixfitness.com/wp-content/plugins/elementor/assets/css/widget-icon-list.min1c88.css]
[natflixfitness.com/wp-content/plugins/elementor/assets/css/widget-heading.min1c88.css]
[natflixfitness.com/wp-content/plugins/elementor/assets/lib/animations/styles/e-animation-grow.min1c88.css]
[natflixfitness.com/wp-content/plugins/elementor/assets/css/widget-text-editor.min1c88.css]
[natflixfitness.com/wp-content/plugins/elementor/assets/lib/e-gallery/css/e-gallery.min7359.css]
[natflixfitness.com/wp-content/plugins/elementor/assets/css/widget-toggle.min1c88.css]
[natflixfitness.com/wp-content/uploads/2022/11/295048837_415685917260076_67381699611ss74221068_n.jpg]
[natflixfitness.com/wp-content/uploads/2022/11/fundo-netflix.jpg]
[natflixfitness.com/wp-content/uploads/elementor/css/post-51d0cf.css]
[natflixfitness.com/wp-content/plugins/essential-addons-for-elementor-lite/assets/front-end/css/view/general.mind42d.css]
[natflixfitness.com/wp-content/plugins/happy-elementor-addons/assets/fonts/happy-icons.woff2]
[natflixfitness.com/wp-content/plugins/happy-elementor-addons/assets/fonts/happy-icons.woff]
[natflixfitness.com/wp-content/plugins/happy-elementor-addons/assets/fonts/style.min03ec.css]
[natflixfitness.com/wp-content/plugins/elementor/assets/lib/font-awesome/fonts/fontawesome-webfont3e6e.eot]
[natflixfitness.com/wp-content/plugins/elementor/assets/lib/font-awesome/fonts/fontawesome-webfontd41d.eot]
[natflixfitness.com/wp-content/plugins/elementor/assets/lib/font-awesome/fonts/fontawesome-webfont3e6e.woff2]
[natflixfitness.com/wp-content/plugins/elementor/assets/lib/font-awesome/fonts/fontawesome-webfont3e6e.woff]
[natflixfitness.com/wp-content/plugins/elementor/assets/lib/font-awesome/fonts/fontawesome-webfont3e6e.ttf]
[natflixfitness.com/wp-content/plugins/elementor/assets/lib/font-awesome/css/font-awesome.min1849.css]
[launcher.hotmart.com/launcher.html]
[natflixfitness.com/wp-content/uploads/2022/11/Frame-17.svg]
[natflixfitness.com/wp-content/uploads/elementor/css/post-59a405.css]
[natflixfitness.com/wp-json/wp/v2/pages/59.json]
[natflixfitness.com/wp-json/oembed/1.0/embed4e6f.json]
[natflixfitness.com/wp-json/oembed/1.0/embed029a]
[natflixfitness.com/planos/index.html]
[natflixfitness.com/wp-content/uploads/elementor/css/post-6619d81.css]
[natflixfitness.com/wp-json/wp/v2/pages/661.json]
[natflixfitness.com/wp-json/oembed/1.0/embed2b59.json]
[natflixfitness.com/wp-json/oembed/1.0/embedcacd]
[natflixfitness.com/wp-content/uploads/2022/11/Group-66-2.png]
[natflixfitness.com/wp-content/uploads/2022/11/Group-98.png]
[natflixfitness.com/wp-content/uploads/2022/11/Group-70.png]
[natflixfitness.com/wp-content/uploads/2022/11/Group-72-1.png]
[natflixfitness.com/wp-content/uploads/2022/11/Group-73.png]
[natflixfitness.com/wp-content/uploads/2022/11/Group-75.png]
[natflixfitness.com/wp-content/uploads/2022/11/Group-77.png]
[natflixfitness.com/wp-content/uploads/2022/11/Group-94.png]
[natflixfitness.com/wp-content/uploads/2022/11/Group-80.png]
[natflixfitness.com/wp-content/uploads/2022/11/Group-68-1.png]
[natflixfitness.com/wp-content/uploads/2022/11/Group-88.png]
[natflixfitness.com/wp-content/uploads/2022/11/Group-95.png]
[natflixfitness.com/wp-content/uploads/2022/11/Group-99.png]
[natflixfitness.com/wp-content/uploads/2022/11/Group-89.png]
[natflixfitness.com/wp-content/uploads/2022/11/Group-100.png]
[natflixfitness.com/wp-content/uploads/2022/11/Group-92.png]
[natflixfitness.com/wp-content/uploads/2022/11/Group-87.png]
[natflixfitness.com/wp-content/uploads/2022/11/Group-96.png]
[natflixfitness.com/wp-content/uploads/2023/02/pilates.png]
[natflixfitness.com/modalidades/index.html]
[natflixfitness.com/wp-content/plugins/elementor/assets/css/conditionals/shapes.min1c88.css]
[natflixfitness.com/wp-content/uploads/elementor/css/post-1412bb07.css]
[natflixfitness.com/wp-json/wp/v2/pages/1412.json]
[natflixfitness.com/wp-json/oembed/1.0/embed9fe0.json]
[natflixfitness.com/wp-json/oembed/1.0/embeda07a]
[natflixfitness.com/wp-content/uploads/2022/11/WhatsApp-Image-2022-11-23-at-11.02.08-727x1024.jpg]
[natflixfitness.com/wp-content/uploads/2022/11/treinos-em-casa.png]
[natflixfitness.com/wp-content/uploads/2022/11/treinos-rapidex-crossnatflix.png]
[natflixfitness.com/wp-content/uploads/2022/11/Group-86.png]
[natflixfitness.com/wp-content/uploads/2022/11/projeto-sua-melhor-Versao.png]
[natflixfitness.com/wp-content/uploads/2022/11/Screenshot_12-1.png]
[natflixfitness.com/treinos-em-casa/index.html]
[natflixfitness.com/wp-content/plugins/elementor/assets/css/widget-tabs.min1c88.css]
[natflixfitness.com/wp-content/uploads/elementor/css/post-6039afe.css]
[natflixfitness.com/wp-json/wp/v2/pages/603.json]
[natflixfitness.com/wp-json/oembed/1.0/embed4126.json]
[natflixfitness.com/wp-json/oembed/1.0/embedc790]
[natflixfitness.com/wp-content/uploads/2022/11/treinos-de-academia_-1.png]
[natflixfitness.com/wp-content/uploads/2022/11/WhatsApp-Image-2022-11-19-at-19.45.19.jpg]
[natflixfitness.com/wp-content/uploads/2022/11/metodos-de-treinamento.png]
[natflixfitness.com/wp-content/uploads/2022/11/monte-seu-MATERIAL.png]
[natflixfitness.com/wp-content/uploads/2023/02/foto-academia.png]
[natflixfitness.com/wp-content/uploads/2022/11/execucao-de-exercicios-inferior-superior.png]
[natflixfitness.com/treinos-na-academia/index.html]
[natflixfitness.com/wp-content/plugins/elementor/assets/css/widget-accordion.min1c88.css]
[natflixfitness.com/wp-content/uploads/elementor/css/post-91002b7.css]
[natflixfitness.com/wp-json/wp/v2/pages/910.json]
[natflixfitness.com/wp-json/oembed/1.0/embed23b8.json]
[natflixfitness.com/wp-json/oembed/1.0/embed00a4]
[natflixfitness.com/wp-content/uploads/2022/11/o-que-e-a-natflix_.png]
[natflixfitness.com/wp-content/uploads/2022/11/o-que-voce-tera-acesso_.png]
[natflixfitness.com/entenda/index.html]
[natflixfitness.com/wp-content/uploads/elementor/css/post-56a1c6.css]
[natflixfitness.com/wp-json/wp/v2/pages/56.json]
[natflixfitness.com/wp-json/oembed/1.0/embed5232.json]
[natflixfitness.com/wp-json/oembed/1.0/embed2ef0]
[natflixfitness.com/wp-content/uploads/2022/11/WhatsApp-Image-2022-11-30-at-09.43.15-768x889.jpg]
[natflixfitness.com/wp-content/uploads/2022/11/WhatsApp-Image-2022-11-19-at-19.45.19-9.jpg]
[natflixfitness.com/metodo/index.html]
[natflixfitness.com/wp-content/uploads/elementor/css/post-53d0cf.css]
[natflixfitness.com/wp-json/wp/v2/pages/53.json]
[natflixfitness.com/wp-json/oembed/1.0/embed22f5.json]
[natflixfitness.com/wp-json/oembed/1.0/embede1d8]
[natflixfitness.com/wp-content/uploads/2022/11/Natasha-Villascshi.png]
[natflixfitness.com/wp-content/uploads/2022/11/WhatsApp-Image-2022-11-22-at-09.57.04-919x1024.jpg]
[natflixfitness.com/wp-content/uploads/2022/11/Natasha-Villaschi.png]
[natflixfitness.com/sobre/index.html]
[natflixfitness.com/wp-content/uploads/elementor/css/post-62c80c.css]
[natflixfitness.com/wp-json/wp/v2/pages/62.json]
[natflixfitness.com/wp-json/oembed/1.0/embede56b.json]
[natflixfitness.com/wp-json/oembed/1.0/embed7efd]
[natflixfitness.com/duvidas/index.html]
[natflixfitness.com/wp-content/uploads/2022/11/Frame-12.svg]
[natflixfitness.com/vejatreinos/index.html]
[natflixfitness.com/treinos-na-academia.html]
[natflixfitness.com/duvidas.html]
[natflixfitness.com/https_/natflixfitness.com/wp-content/uploads/2024/06/psicologa.html]
[natflixfitness.com/https_/natflixfitness.com/wp-content/uploads/2024/06/lpf-e-vaccum.html]
[natflixfitness.com/https_/natflixfitness.com/wp-content/uploads/2024/06/fisioterapia.html]
[natflixfitness.com/https_/natflixfitness.com/wp-content/uploads/2024/06/pilates.html]
[natflixfitness.com/https_/natflixfitness.com/wp-content/uploads/2024/06/cross-natflix.html]
[natflixfitness.com/https_/natflixfitness.com/wp-content/uploads/2024/06/jiu-jitsu-def-pessoal.html]
[natflixfitness.com/https_/natflixfitness.com/wp-content/uploads/2024/06/power-ballet.html]
[natflixfitness.com/https_/natflixfitness.com/wp-content/uploads/2024/06/fit-dance.html]
[natflixfitness.com/https_/natflixfitness.com/wp-content/uploads/2024/06/dan-sa.html]
[natflixfitness.com/https_/natflixfitness.com/wp-content/uploads/2024/06/spinning.html]
[natflixfitness.com/https_/natflixfitness.com/wp-content/uploads/2024/06/meditacao.html]
[natflixfitness.com/https_/natflixfitness.com/wp-content/uploads/2024/06/projeto-smv-aquecimento.html]
[natflixfitness.com/https_/natflixfitness.com/wp-content/uploads/2024/06/cardapios-alimentares-emagr.html]
[natflixfitness.com/https_/natflixfitness.com/wp-content/uploads/2024/06/receitinhas.html]
[natflixfitness.com/https_/natflixfitness.com/wp-content/uploads/2024/06/nutricao.html]
[natflixfitness.com/https_/natflixfitness.com/wp-content/uploads/2024/06/jiu-jitsu-iniciante.html]
[natflixfitness.com/https_/natflixfitness.com/wp-content/uploads/2024/06/saude-do-joelho.html]
[natflixfitness.com/https_/natflixfitness.com/wp-content/uploads/2024/06/execucao-dos-exercicios-complexos.html]
[natflixfitness.com/https_/natflixfitness.com/wp-content/uploads/2024/06/execucao-dos-exercicios-sup.html]
[natflixfitness.com/https_/natflixfitness.com/wp-content/uploads/2024/06/alongamento-e-mobilidade.html]
[natflixfitness.com/https_/natflixfitness.com/wp-content/uploads/2024/06/yoga-para-iniciantes.html]
[natflixfitness.com/https_/natflixfitness.com/wp-content/uploads/2024/06/yoga-para-intermediarios_avancados.html]
[natflixfitness.com/https_/natflixfitness.com/wp-content/uploads/2024/06/summerflix.html]
[natflixfitness.com/https_/natflixfitness.com/wp-content/uploads/2024/06/projeto-cinturinha-fina.html]
[natflixfitness.com/https_/natflixfitness.com/wp-content/uploads/2024/06/monte-seu-material-em-casa.html]
[natflixfitness.com/https_/natflixfitness.com/wp-content/uploads/2024/06/fichas-hiper-intermed.html]
[natflixfitness.com/https_/natflixfitness.com/wp-content/uploads/2024/06/embaixadoras-natflix.html]
[natflixfitness.com/https_/natflixfitness.com/wp-content/uploads/2024/06/e-book_-Desculpe-o-transtorno.html]
[natflixfitness.com/https_/natflixfitness.com/wp-content/uploads/2024/06/agendas-de-treinos.html]
[natflixfitness.com/https_/natflixfitness.com/wp-content/uploads/2022/11/Embaixadora.html]
[natflixfitness.com/https_/natflixfitness.com/wp-content/uploads/2022/11/ebook.html]
[natflixfitness.com/https_/natflixfitness.com/wp-content/uploads/2022/11/planilhas.html]
[natflixfitness.com/https_/natflixfitness.com/wp-content/uploads/2022/11/Group-59.html]
[natflixfitness.com/wp-content/plugins/essential-addons-for-elementor-lite/assets/front-end/css/view/reading-progress.mind42d.css]
[natflixfitness.com/wp-content/plugins/happy-elementor-addons/assets/fonts/happy-icons.svg]
[natflixfitness.com/wp-content/plugins/elementor/assets/lib/font-awesome/fonts/fontawesome-webfont3e6e.svg]
[natflixfitness.com/wp-content/uploads/elementor/css/post-59a405.css]
[natflixfitness.com/index1098.html]
[natflixfitness.com/wp-content/uploads/elementor/css/post-6619d81.css]
[natflixfitness.com/indexd4f5.html]
[natflixfitness.com/wp-content/plugins/elementor/assets/css/conditionals/shapes.min1c88.css]
[natflixfitness.com/wp-content/uploads/elementor/css/post-1412bb07.css]
[natflixfitness.com/index83ef.html]
[natflixfitness.com/wp-content/plugins/elementor/assets/css/widget-tabs.min1c88.css]
[natflixfitness.com/wp-content/uploads/elementor/css/post-6039afe.css]
[natflixfitness.com/index7aeb.html]
[natflixfitness.com/wp-content/plugins/elementor/assets/css/widget-accordion.min1c88.css]
[natflixfitness.com/wp-content/uploads/2022/11/fundo-netflix-2.jpg]
[natflixfitness.com/wp-content/uploads/elementor/css/post-91002b7.css]
[natflixfitness.com/index0865.html]
[natflixfitness.com/wp-content/uploads/elementor/css/post-56a1c6.css]
[natflixfitness.com/index2dc8.html]
[natflixfitness.com/wp-content/uploads/elementor/css/post-53d0cf.css]
[natflixfitness.com/index5fb3.html]
[natflixfitness.com/wp-content/uploads/elementor/css/post-62c80c.css]
[natflixfitness.com/index5c36.html]
